[2025-11-16 00:11:36] [INFO] [python-alert:fetch_series] Fetching ^SOX (attempt 1) from 2022-11-17 to 2025-11-16...
[2025-11-16 00:11:36] [INFO] [python-alert:fetch_series] Fetched 751 points for sox (last date: 2025-11-14)
[2025-11-16 00:11:36] [INFO] [python-alert:run_with_series] [sox] Bucket B10 already fired for this peak.
[2025-11-16 00:11:36] [WARNING] [python-alert:run] [sox] Trend entry not evaluated: Operands are not aligned. Do `left, right = left.align(right, axis=1, copy=False)` before operating.
[2025-11-16 00:12:04] [INFO] [python-alert:fetch_series] Fetching ^SOX (attempt 1) from 2022-11-17 to 2025-11-16...
[2025-11-16 00:12:05] [INFO] [python-alert:fetch_series] Fetched 751 points for sox (last date: 2025-11-14)
[2025-11-16 00:12:05] [INFO] [python-alert:run_with_series] [sox] Bucket B10 already fired for this peak.
[2025-11-16 00:12:05] [WARNING] [python-alert:run] [sox] Trend entry not evaluated: Operands are not aligned. Do `left, right = left.align(right, axis=1, copy=False)` before operating.
[2025-11-16 00:12:29] [INFO] [python-alert:fetch_series] Fetching ^SOX (attempt 1) from 2022-11-17 to 2025-11-16...
[2025-11-16 00:12:30] [INFO] [python-alert:fetch_series] Fetched 751 points for sox (last date: 2025-11-14)
[2025-11-16 00:12:30] [INFO] [python-alert:run_with_series] [sox] Bucket B10 already fired for this peak.
[2025-11-16 00:12:30] [DEBUG] [python-alert:_compute_trend_from_ma] Trend align debug: series index dtype=datetime64[ns], ma index dtype=datetime64[ns]
[2025-11-16 00:12:30] [DEBUG] [python-alert:_compute_trend_from_ma] Trend align debug: series idx head=DatetimeIndex(['2022-11-17', '2022-11-18', '2022-11-21'], dtype='datetime64[ns]', name='Date', freq=None), ma idx head=DatetimeIndex(['2023-09-06', '2023-09-07', '2023-09-08'], dtype='datetime64[ns]', name='Date', freq=None)
[2025-11-16 00:12:30] [DEBUG] [python-alert:_compute_trend_from_ma] Trend align debug: lengths series=751, ma=552
[2025-11-16 00:12:30] [WARNING] [python-alert:run] [sox] Trend entry not evaluated: Operands are not aligned. Do `left, right = left.align(right, axis=1, copy=False)` before operating.
[2025-11-16 00:12:49] [INFO] [python-alert:fetch_series] Fetching ^SOX (attempt 1) from 2022-11-17 to 2025-11-16...
[2025-11-16 00:12:50] [INFO] [python-alert:fetch_series] Fetched 751 points for sox (last date: 2025-11-14)
[2025-11-16 00:12:50] [INFO] [python-alert:run_with_series] [sox] Bucket B10 already fired for this peak.
[2025-11-16 00:12:50] [DEBUG] [python-alert:_compute_trend_from_ma] Trend align debug: series index dtype=datetime64[ns], ma index dtype=datetime64[ns]
[2025-11-16 00:12:50] [DEBUG] [python-alert:_compute_trend_from_ma] Trend align debug: series idx head=DatetimeIndex(['2022-11-17', '2022-11-18', '2022-11-21'], dtype='datetime64[ns]', name='Date', freq=None), ma idx head=DatetimeIndex(['2023-09-06', '2023-09-07', '2023-09-08'], dtype='datetime64[ns]', name='Date', freq=None)
[2025-11-16 00:12:50] [DEBUG] [python-alert:_compute_trend_from_ma] Trend align debug: lengths series=751, ma=552
[2025-11-16 00:12:50] [WARNING] [python-alert:run] [sox] Trend entry not evaluated: Operands are not aligned. Do `left, right = left.align(right, axis=1, copy=False)` before operating.
[2025-11-16 00:13:34] [INFO] [python-alert:fetch_series] Fetching ^SOX (attempt 1) from 2022-11-17 to 2025-11-16...
[2025-11-16 00:13:35] [INFO] [python-alert:fetch_series] Fetched 751 points for sox (last date: 2025-11-14)
[2025-11-16 00:13:35] [INFO] [python-alert:run_with_series] [sox] Bucket B10 already fired for this peak.
[2025-11-16 00:13:35] [DEBUG] [python-alert:_compute_trend_from_ma] Trend align debug: series index dtype=datetime64[ns], ma index dtype=datetime64[ns]
[2025-11-16 00:13:35] [DEBUG] [python-alert:_compute_trend_from_ma] Trend align debug: series idx head=DatetimeIndex(['2022-11-17', '2022-11-18', '2022-11-21'], dtype='datetime64[ns]', name='Date', freq=None), ma idx head=DatetimeIndex(['2023-09-06', '2023-09-07', '2023-09-08'], dtype='datetime64[ns]', name='Date', freq=None)
[2025-11-16 00:13:35] [DEBUG] [python-alert:_compute_trend_from_ma] Trend align debug: lengths series=751, ma=552
[2025-11-16 00:13:35] [DEBUG] [python-alert:_compute_trend_from_ma] Trend comparison error: Operands are not aligned. Do `left, right = left.align(right, axis=1, copy=False)` before operating.; attempting explicit align
[2025-11-16 00:13:35] [WARNING] [python-alert:run] [sox] Trend entry not evaluated: Operands are not aligned. Do `left, right = left.align(right, axis=1, copy=False)` before operating.
[2025-11-16 00:13:57] [INFO] [python-alert:fetch_series] Fetching ^SOX (attempt 1) from 2022-11-17 to 2025-11-16...
[2025-11-16 00:13:58] [INFO] [python-alert:fetch_series] Fetched 751 points for sox (last date: 2025-11-14)
[2025-11-16 00:13:58] [INFO] [python-alert:run_with_series] [sox] Bucket B10 already fired for this peak.
[2025-11-16 00:13:58] [DEBUG] [python-alert:_compute_trend_from_ma] Trend align debug: series index dtype=datetime64[ns], ma index dtype=datetime64[ns]
[2025-11-16 00:13:58] [DEBUG] [python-alert:_compute_trend_from_ma] Trend align debug: series idx head=DatetimeIndex(['2022-11-17', '2022-11-18', '2022-11-21'], dtype='datetime64[ns]', name='Date', freq=None), ma idx head=DatetimeIndex(['2023-09-06', '2023-09-07', '2023-09-08'], dtype='datetime64[ns]', name='Date', freq=None)
[2025-11-16 00:13:58] [DEBUG] [python-alert:_compute_trend_from_ma] Trend align debug: lengths series=751, ma=552
[2025-11-16 00:13:58] [DEBUG] [python-alert:_compute_trend_from_ma] Trend align debug: types: series=<class 'pandas.core.series.Series'>, ma=<class 'pandas.core.frame.DataFrame'>
[2025-11-16 00:13:58] [DEBUG] [python-alert:_compute_trend_from_ma] Trend comparison error: Operands are not aligned. Do `left, right = left.align(right, axis=1, copy=False)` before operating.; attempting explicit align
[2025-11-16 00:13:58] [WARNING] [python-alert:run] [sox] Trend entry not evaluated: Operands are not aligned. Do `left, right = left.align(right, axis=1, copy=False)` before operating.
[2025-11-16 00:14:56] [INFO] [python-alert:fetch_series] Fetching ^SOX (attempt 1) from 2022-11-17 to 2025-11-16...
[2025-11-16 00:14:57] [INFO] [python-alert:fetch_series] Fetched 751 points for sox (last date: 2025-11-14)
[2025-11-16 00:14:57] [INFO] [python-alert:run_with_series] [sox] Bucket B10 already fired for this peak.
[2025-11-16 00:14:57] [INFO] [python-alert:run] No trend entry alert for 'sox'. (all_above=True, crossed_from_below=False)
[2025-11-16 00:15:08] [INFO] [python-alert:run_from_args] Running both mode for index 'spx'...
[2025-11-16 00:15:08] [INFO] [python-alert:fetch_series] Fetching ^GSPC (attempt 1) from 2022-11-17 to 2025-11-16...
[2025-11-16 00:15:09] [INFO] [python-alert:fetch_series] Fetched 751 points for spx (last date: 2025-11-14)
[2025-11-16 00:15:09] [INFO] [python-alert:run_with_series] No dip alert. [spx] DD -2.28% (close 6734.11, peak 6890.89).
[2025-11-16 00:15:09] [INFO] [python-alert:run] Trend entry profile not enabled for index 'spx'.
[2025-11-16 00:15:09] [INFO] [python-alert:run_from_args] Running both mode for index 'ndx'...
[2025-11-16 00:15:09] [INFO] [python-alert:fetch_series] Fetching ^NDX (attempt 1) from 2022-11-17 to 2025-11-16...
[2025-11-16 00:15:09] [INFO] [python-alert:fetch_series] Fetched 751 points for ndx (last date: 2025-11-14)
[2025-11-16 00:15:09] [INFO] [python-alert:run_with_series] No dip alert. [ndx] DD -4.26% (close 25008.24, peak 26119.85).
[2025-11-16 00:15:09] [INFO] [python-alert:run] Trend entry profile not enabled for index 'ndx'.
[2025-11-16 00:15:09] [INFO] [python-alert:run_from_args] Running both mode for index 'sox'...
[2025-11-16 00:15:09] [INFO] [python-alert:fetch_series] Fetching ^SOX (attempt 1) from 2022-11-17 to 2025-11-16...
[2025-11-16 00:15:09] [INFO] [python-alert:fetch_series] Fetched 751 points for sox (last date: 2025-11-14)
[2025-11-16 00:15:09] [INFO] [python-alert:run_with_series] [sox] Bucket B10 already fired for this peak.
[2025-11-16 00:15:09] [INFO] [python-alert:run] No trend entry alert for 'sox'. (all_above=True, crossed_from_below=False)
[2025-11-16 00:15:09] [INFO] [python-alert:run_from_args] Running both mode for index 'srvr'...
[2025-11-16 00:15:09] [INFO] [python-alert:fetch_series] Fetching SRVR (attempt 1) from 2022-11-17 to 2025-11-16...
[2025-11-16 00:15:09] [INFO] [python-alert:fetch_series] Fetched 751 points for srvr (last date: 2025-11-14)
[2025-11-16 00:15:09] [INFO] [python-alert:run_with_series] [srvr] Bucket B20 already fired for this peak.
[2025-11-16 00:15:09] [INFO] [python-alert:run] No trend entry alert for 'srvr'. (all_above=False, crossed_from_below=False)
[2025-11-16 00:15:09] [INFO] [python-alert:run_from_args] Running both mode for index 'sruuf'...
[2025-11-16 00:15:09] [INFO] [python-alert:fetch_series] Fetching SRUUF (attempt 1) from 2022-11-17 to 2025-11-16...
[2025-11-16 00:15:10] [INFO] [python-alert:fetch_series] Fetched 751 points for sruuf (last date: 2025-11-14)
[2025-11-16 00:15:10] [INFO] [python-alert:run_with_series] [sruuf] Bucket B10 already fired for this peak.
[2025-11-16 00:15:10] [INFO] [python-alert:run] No trend entry alert for 'sruuf'. (all_above=True, crossed_from_below=False)
[2025-11-16 00:15:10] [INFO] [python-alert:run_from_args] Running both mode for index 'remx'...
[2025-11-16 00:15:10] [INFO] [python-alert:fetch_series] Fetching REMX (attempt 1) from 2022-11-17 to 2025-11-16...
[2025-11-16 00:15:10] [INFO] [python-alert:fetch_series] Fetched 751 points for remx (last date: 2025-11-14)
[2025-11-16 00:15:10] [INFO] [python-alert:run_with_series] [remx] Bucket B10 already fired for this peak.
[2025-11-16 00:15:10] [INFO] [python-alert:run] Trend entry profile not enabled for index 'remx'.
[2025-11-16 00:16:13] [INFO] [python-alert:run_from_args] Running both mode for index 'spx'...
[2025-11-16 00:16:13] [INFO] [python-alert:fetch_series] Fetching ^GSPC (attempt 1) from 2022-11-17 to 2025-11-16...
[2025-11-16 00:16:13] [INFO] [python-alert:fetch_series] Fetched 751 points for spx (last date: 2025-11-14)
[2025-11-16 00:16:13] [INFO] [python-alert:run_with_series] No dip alert. [spx] DD -2.28% (close 6734.11, peak 6890.89).
[2025-11-16 00:16:13] [INFO] [python-alert:run] Trend entry profile not enabled for index 'spx'.
[2025-11-16 00:16:13] [INFO] [python-alert:run_from_args] Running both mode for index 'ndx'...
[2025-11-16 00:16:13] [INFO] [python-alert:fetch_series] Fetching ^NDX (attempt 1) from 2022-11-17 to 2025-11-16...
[2025-11-16 00:16:13] [INFO] [python-alert:fetch_series] Fetched 751 points for ndx (last date: 2025-11-14)
[2025-11-16 00:16:13] [INFO] [python-alert:run_with_series] No dip alert. [ndx] DD -4.26% (close 25008.24, peak 26119.85).
[2025-11-16 00:16:13] [INFO] [python-alert:run] Trend entry profile not enabled for index 'ndx'.
[2025-11-16 00:16:13] [INFO] [python-alert:run_from_args] Running both mode for index 'sox'...
[2025-11-16 00:16:13] [INFO] [python-alert:fetch_series] Fetching ^SOX (attempt 1) from 2022-11-17 to 2025-11-16...
[2025-11-16 00:16:14] [INFO] [python-alert:fetch_series] Fetched 751 points for sox (last date: 2025-11-14)
[2025-11-16 00:16:14] [INFO] [python-alert:run_with_series] [sox] Bucket B10 already fired for this peak.
[2025-11-16 00:16:14] [INFO] [python-alert:run] No trend entry alert for 'sox'. (all_above=True, crossed_from_below=False)
[2025-11-16 00:16:14] [INFO] [python-alert:run_from_args] Running both mode for index 'srvr'...
[2025-11-16 00:16:14] [INFO] [python-alert:fetch_series] Fetching SRVR (attempt 1) from 2022-11-17 to 2025-11-16...
[2025-11-16 00:16:14] [INFO] [python-alert:fetch_series] Fetched 751 points for srvr (last date: 2025-11-14)
[2025-11-16 00:16:14] [INFO] [python-alert:run_with_series] [srvr] Bucket B20 already fired for this peak.
[2025-11-16 00:16:14] [INFO] [python-alert:run] No trend entry alert for 'srvr'. (all_above=False, crossed_from_below=False)
[2025-11-16 00:16:14] [INFO] [python-alert:run_from_args] Running both mode for index 'sruuf'...
[2025-11-16 00:16:14] [INFO] [python-alert:fetch_series] Fetching SRUUF (attempt 1) from 2022-11-17 to 2025-11-16...
[2025-11-16 00:16:14] [INFO] [python-alert:fetch_series] Fetched 751 points for sruuf (last date: 2025-11-14)
[2025-11-16 00:16:14] [INFO] [python-alert:run_with_series] [sruuf] Bucket B10 already fired for this peak.
[2025-11-16 00:16:14] [INFO] [python-alert:run] No trend entry alert for 'sruuf'. (all_above=True, crossed_from_below=False)
[2025-11-16 00:16:14] [INFO] [python-alert:run_from_args] Running both mode for index 'remx'...
[2025-11-16 00:16:14] [INFO] [python-alert:fetch_series] Fetching REMX (attempt 1) from 2022-11-17 to 2025-11-16...
[2025-11-16 00:16:14] [INFO] [python-alert:fetch_series] Fetched 751 points for remx (last date: 2025-11-14)
[2025-11-16 00:16:14] [INFO] [python-alert:run_with_series] [remx] Bucket B10 already fired for this peak.
[2025-11-16 00:16:14] [INFO] [python-alert:run] Trend entry profile not enabled for index 'remx'.
[2025-11-16 00:16:56] [INFO] [python-alert:send_email] Email sent to philipp.adler@gmail.com (subject: TEST — PHLX Semiconductor Dip Alert wiring OK)
[2025-11-16 00:16:56] [INFO] [python-alert:run_test_email] Dip test email sent.
[2025-11-16 00:17:26] [INFO] [python-alert:fetch_series] Fetching ^SOX (attempt 1) from 2022-11-17 to 2025-11-16...
[2025-11-16 00:17:27] [INFO] [python-alert:fetch_series] Fetched 751 points for sox (last date: 2025-11-14)
[2025-11-16 00:17:30] [INFO] [python-alert:send_email] Email sent to philipp.adler@gmail.com (subject: TEST — SOX DIP ALERT — -12% to -25% (DD -7.05%))
[2025-11-16 00:17:30] [INFO] [python-alert:run_test_bucket] Test bucket email sent for B20.
[2025-11-16 00:18:00] [INFO] [python-alert:fetch_series] Fetching ^SOX (attempt 1) from 2022-11-17 to 2025-11-16...
[2025-11-16 00:18:01] [INFO] [python-alert:fetch_series] Fetched 751 points for sox (last date: 2025-11-14)
[2025-11-16 00:18:04] [INFO] [python-alert:send_email] Email sent to philipp.adler@gmail.com (subject: TEST — SOX DIP ALERT — -12% to -25% (DD -7.05%))
[2025-11-16 00:18:04] [INFO] [python-alert:run_test_bucket] Test bucket email sent for B20.
